     1                                  bits 32 ; assembling for the 32 bits architecture
     2                                  
     3                                  ; declare the EntryPoint (a label defining the very first instruction of the program)
     4                                  global start        
     5                                  
     6                                  ; declare external functions needed by our program
     7                                  extern exit               ; tell nasm that exit exists even if we won't be defining it
     8                                  import exit msvcrt.dll    ; exit is a function that ends the calling process. It is defined in msvcrt.dll
     9                                                            ; msvcrt.dll contains exit, printf and all the other important C-runtime specific functions
    10                                  
    11                                  ; our data is declared here (the variables needed by our program)
    12                                  segment data use32 class=data
    13                                      ; ...
    14                                      
    15                                  
    16                                  ; our code starts here
    17                                  segment code use32 class=code
    18                                      start:
    19                                          ; ex 1
    20                                          ; mov al, 1
    21                                          ; add al, 9
    22                                          
    23                                          ; ex 4
    24                                          ; mov al, 5
    25                                          ; sub al, 6
    26                                          
    27                                          ; ex 9
    28                                          ; mov al, 3
    29                                          ; mov bl, 4
    30                                          ; mul bl
    31                                          
    32                                          ; ex 5
    33                                          ; mov al, 10
    34                                          ; mov ah, 0 ; extinde valoarea lui al la 16 biti
    35                                          ; mov bl, 4
    36                                          ; div bl
    37                                          
    38                                          ; ex 3
    39                                          ; mov ax, 128
    40                                          ; add ax, 128
    41                                          
    42                                          ; ex 22
    43                                          ; mov al, 16
    44                                          ; mov ah, 0
    45                                          ; mov bl, 4
    46                                          ; div bl
    47                                          
    48                                          ; ex 23
    49                                          ; mov ax, 256
    50                                          ; mov bx, 1
    51                                          ; mul bx
    52                                          
    53                                          ; ex 26
    54                                          ; mov al, 3
    55                                          ; sub al, 4
    56                                          
    57                                          ; ex 29
    58                                          ; mov al, 14
    59                                          ; mov ah, 0
    60                                          ; mov bl, 6
    61                                          ; div bl
    62                                          
    63                                          ; ex 30
    64 00000000 B00B                            mov al, 11
    65 00000002 0405                            add al, 5
    66                                      
    67                                          ; exit(0)
    68 00000004 6A00                            push    dword 0      ; push the parameter for exit onto the stack
    69 00000006 FF15[00000000]                  call    [exit]       ; call exit to terminate the program
