     1                                  bits 32 ; assembling for the 32 bits architecture
     2                                  
     3                                  ; declare the EntryPoint (a label defining the very first instruction of the program)
     4                                  global start        
     5                                  
     6                                  ; declare external functions needed by our program
     7                                  extern exit, printf, scanf               ; tell nasm that exit exists even if we won't be defining it
     8                                  import exit msvcrt.dll    ; exit is a function that ends the calling process. It is defined in msvcrt.dll
     9                                                            ; msvcrt.dll contains exit, printf and all the other important C-runtime specific functions
    10                                  import printf msvcrt.dll
    11                                  import scanf msvcrt.dll
    12                                  
    13                                  ; our data is declared here (the variables needed by our program)
    14                                  segment data use32 class=data
    15                                      ; ...
    16 00000000 00000000                    a dd 0                   
    17 00000004 00000000                    b dd 0                   
    18 00000008 00000000                    sum_low dd 0             
    19 0000000C 00000000                    diff_high dd 0           
    20 00000010 257800                      format_in db '%x', 0    
    21 00000013 53756D612070617274-         format_out db 'Suma partilor low: %Xh', 10, 0
    21 0000001C 696C6F72206C6F773A-
    21 00000025 202558680A00       
    22 0000002B 4469666572656E7461-         format_out2 db 'Diferenta partilor high: %Xh', 10, 0
    22 00000034 2070617274696C6F72-
    22 0000003D 20686967683A202558-
    22 00000046 680A00             
    23 00000049 496E74726F64756365-         prompt_a db 'Introduceti numarul a (baza 16): ', 0
    23 00000052 7469206E756D617275-
    23 0000005B 6C2061202862617A61-
    23 00000064 203136293A2000     
    24 0000006B 496E74726F64756365-         prompt_b db 'Introduceti numarul b (baza 16): ', 0
    24 00000074 7469206E756D617275-
    24 0000007D 6C2062202862617A61-
    24 00000086 203136293A2000     
    25                                  
    26                                  ; our code starts here
    27                                  segment code use32 class=code
    28                                      start:
    29                                          ; ...
    30 00000000 68[49000000]                    push dword prompt_a
    31 00000005 FF15[00000000]                  call [printf]
    32 0000000B 83C404                          add esp, 4
    33                                          
    34 0000000E 68[00000000]                    push dword a
    35 00000013 68[10000000]                    push dword format_in
    36 00000018 FF15[00000000]                  call [scanf]
    37 0000001E 83C408                          add esp, 8
    38                                          
    39 00000021 68[6B000000]                    push dword prompt_b
    40 00000026 FF15[00000000]                  call [printf]
    41 0000002C 83C404                          add esp, 4
    42                                          
    43 0000002F 68[04000000]                    push dword b
    44 00000034 68[10000000]                    push dword format_in
    45 00000039 FF15[00000000]                  call [scanf]
    46 0000003F 83C408                          add esp, 8
    47                                          
    48 00000042 A1[00000000]                    mov eax, [a]
    49 00000047 8B1D[04000000]                  mov ebx, [b]
    50 0000004D 25FFFF0000                      and eax, 0xFFFF
    51 00000052 81E3FFFF0000                    and ebx, 0xFFFF
    52 00000058 01D8                            add eax, ebx
    53 0000005A 66A3[08000000]                  mov [sum_low], ax
    54                                          
    55 00000060 A1[00000000]                    mov eax, [a]
    56 00000065 8B1D[04000000]                  mov ebx, [b]
    57 0000006B C1E810                          shr eax, 16
    58 0000006E C1EB10                          shr ebx, 16
    59 00000071 29D8                            sub eax, ebx
    60 00000073 66A3[0C000000]                  mov [diff_high], ax
    61                                          
    62 00000079 FF35[08000000]                  push dword [sum_low]
    63 0000007F 68[13000000]                    push dword format_out
    64 00000084 FF15[00000000]                  call [printf]
    65 0000008A 83C408                          add esp, 8
    66                                          
    67 0000008D FF35[0C000000]                  push dword [diff_high]
    68 00000093 68[2B000000]                    push dword format_out2
    69 00000098 FF15[00000000]                  call [printf]
    70 0000009E 83C408                          add esp, 8
    71                                      
    72                                          ; exit(0)
    73 000000A1 6A00                            push    dword 0      ; push the parameter for exit onto the stack
    74 000000A3 FF15[00000000]                  call    [exit]       ; call exit to terminate the program
