     1                                  bits 32 ; assembling for the 32 bits architecture
     2                                  
     3                                  ; declare the EntryPoint (a label defining the very first instruction of the program)
     4                                  global start        
     5                                  
     6                                  ; declare external functions needed by our program
     7                                  extern exit, printf, scanf               ; tell nasm that exit exists even if we won't be defining it
     8                                  import exit msvcrt.dll    ; exit is a function that ends the calling process. It is defined in msvcrt.dll
     9                                                            ; msvcrt.dll contains exit, printf and all the other important C-runtime specific functions
    10                                  import printf msvcrt.dll
    11                                  import scanf msvcrt.dll
    12                                  
    13                                  ; our data is declared here (the variables needed by our program)
    14                                  segment data use32 class=data
    15                                      ; ...
    16 00000000 17000000                    a dd 23              ; Primul număr (a - definit ca word)
    17 00000004 0A000000                    b dd 10              ; Al doilea număr (b - definit ca word)
    18 00000008 00000000                    cat dd 0             ; Variabilă pentru cât (dword)
    19 0000000C 00000000                    _rest dd 0            ; Variabilă pentru rest (dword)
    20 00000010 436174203D2025642C-         format_out db 'Cat = %d, rest = %d', 10, 0 ; Formatul pentru afișare
    20 00000019 2072657374203D2025-
    20 00000022 640A00             
    21                                  
    22                                  ; our code starts here
    23                                  segment code use32 class=code
    24                                      start:
    25                                          ; ...
    26 00000000 A1[00000000]                    mov eax, [a]
    27 00000005 31D2                            xor edx, edx
    28 00000007 8B1D[04000000]                  mov ebx, [b]
    29                                          
    30 0000000D F7F3                            div ebx
    31 0000000F A3[08000000]                    mov [cat], eax
    32 00000014 8915[0C000000]                  mov [_rest], edx
    33                                          
    34 0000001A FF35[0C000000]                  push dword [_rest]
    35 00000020 FF35[08000000]                  push dword [cat]
    36 00000026 68[10000000]                    push dword format_out
    37 0000002B FF15[00000000]                  call [printf]
    38 00000031 83C40C                          add esp, 12
    39                                      
    40                                          ; exit(0)
    41 00000034 6A00                            push    dword 0      ; push the parameter for exit onto the stack
    42 00000036 FF15[00000000]                  call    [exit]       ; call exit to terminate the program
